2026-07-03 12:14:32.976: [INFO] OnDoneLoading sync enabled: 0
2026-07-03 18:32:32.050: [INFO] OnDoneLoading sync enabled: 0
2026-07-03 18:59:54.593: [INFO] OnDoneLoading sync enabled: 0
2026-07-03 19:10:14.347: [INFO] OnDoneLoading sync enabled: 0
2026-07-03 19:18:31.529: [INFO] OnDoneLoading sync enabled: 0
2026-07-03 19:24:09.483: [INFO] OnDoneLoading sync enabled: 0
2026-07-03 19:27:17.974: [INFO] OnDoneLoading sync enabled: 0
2026-07-03 19:34:10.789: [INFO] OnDoneLoading sync enabled: 0
2026-07-04 17:54:59.666: [INFO] OnDoneLoading sync enabled: 0
2026-07-04 17:56:44.368: [INFO] OnDoneLoading sync enabled: 0
2026-07-04 18:00:41.039: [INFO] OnDoneLoading sync enabled: 0
2026-07-04 18:08:03.206: [INFO] OnDoneLoading sync enabled: 0
2026-07-04 18:35:07.621: [INFO] OnDoneLoading sync enabled: 0
2026-07-04 18:35:16.339: [INFO] OnDoneLoading sync enabled: 0
2026-07-04 18:44:20.668: [INFO] OnDoneLoading sync enabled: 0
2026-07-04 18:44:43.102: [INFO] OnDoneLoading sync enabled: 0
2026-07-04 18:55:52.909: [INFO] OnDoneLoading sync enabled: 0
2026-07-04 19:01:10.355: [INFO] OnDoneLoading sync enabled: 0
2026-07-04 19:18:33.984: [INFO] OnDoneLoading sync enabled: 0
2026-07-04 19:23:09.551: [INFO] OnDoneLoading sync enabled: 0
2026-07-05 01:33:46.122: [INFO] OnDoneLoading sync enabled: 0
2026-07-05 01:35:06.882: [INFO] OnDoneLoading sync enabled: 0
2026-07-05 01:35:37.611: [INFO] OnDoneLoading sync enabled: 0
2026-07-05 03:11:38.371: [INFO] OnDoneLoading sync enabled: 0
2026-07-05 03:22:36.290: [INFO] OnDoneLoading sync enabled: 0
2026-07-05 17:59:41.562: [INFO] OnDoneLoading sync enabled: 0
2026-07-05 18:00:04.085: [INFO] OnDoneLoading sync enabled: 0
2026-07-05 18:05:09.599: [INFO] OnDoneLoading sync enabled: 0
2026-07-07 18:02:43.134: [INFO] OnDoneLoading sync enabled: 0
2026-07-07 18:03:11.792: [INFO] OnDoneLoading sync enabled: 0
2026-07-07 18:03:32.947: [INFO] OnDoneLoading sync enabled: 0
2026-07-07 18:07:14.741: [INFO] OnDoneLoading sync enabled: 0
2026-07-07 18:47:14.456: [INFO] OnDoneLoading sync enabled: 0
2026-07-07 18:53:14.897: [INFO] OnDoneLoading sync enabled: 0
2026-07-08 14:36:18.167: [INFO] OnDoneLoading sync enabled: 0
2026-07-08 14:43:38.732: [INFO] OnDoneLoading sync enabled: 0
2026-07-08 15:01:22.892: [INFO] OnDoneLoading sync enabled: 0
2026-07-08 18:06:18.643: [INFO] OnDoneLoading sync enabled: 0
2026-07-09 15:55:58.632: [INFO] OnDoneLoading sync enabled: 0
2026-07-09 15:57:18.319: [INFO] OnDoneLoading sync enabled: 0
2026-07-09 15:59:52.792: [INFO] OnDoneLoading sync enabled: 0
2026-07-09 16:02:08.528: [INFO] OnDoneLoading sync enabled: 0
2026-07-09 16:02:35.133: [INFO] OnDoneLoading sync enabled: 0
2026-07-09 16:04:27.762: [INFO] OnDoneLoading sync enabled: 0
2026-07-09 16:05:25.001: [INFO] OnDoneLoading sync enabled: 0
2026-07-09 16:06:58.388: [INFO] OnDoneLoading sync enabled: 0
2026-07-09 16:08:45.947: [INFO] OnDoneLoading sync enabled: 0
2026-07-10 03:07:12.385: [INFO] OnDoneLoading sync enabled: 0
2026-07-10 03:27:26.322: [INFO] OnDoneLoading sync enabled: 0
2026-07-10 04:45:54.961: [INFO] OnDoneLoading sync enabled: 0
2026-07-10 05:06:22.984: [INFO] OnDoneLoading sync enabled: 0
2026-07-10 05:06:56.659: [INFO] OnDoneLoading sync enabled: 0
2026-07-10 05:23:22.278: [INFO] OnDoneLoading sync enabled: 0
2026-07-10 05:27:11.727: [INFO] OnDoneLoading sync enabled: 0
2026-07-10 05:58:08.661: [INFO] OnDoneLoading sync enabled: 0
2026-07-10 18:12:07.473: [INFO] OnDoneLoading sync enabled: 0
2026-07-10 18:25:04.580: [INFO] OnDoneLoading sync enabled: 0
2026-07-10 18:25:45.775: [INFO] OnDoneLoading sync enabled: 0
2026-07-10 18:47:31.515: [INFO] OnDoneLoading sync enabled: 0
2026-07-11 16:04:10.488: [INFO] OnDoneLoading sync enabled: 0
2026-07-11 16:23:42.274: [INFO] OnDoneLoading sync enabled: 0
2026-07-13 17:38:10.973: [INFO] OnDoneLoading sync enabled: 0
2026-07-13 17:41:54.547: [INFO] OnDoneLoading sync enabled: 0
2026-07-13 17:49:19.992: [INFO] OnDoneLoading sync enabled: 0
2026-07-13 17:53:27.052: [INFO] OnDoneLoading sync enabled: 0
2026-07-13 18:31:01.536: [INFO] OnDoneLoading sync enabled: 0
2026-07-13 19:57:31.813: [INFO] OnDoneLoading sync enabled: 0
2026-07-14 15:45:02.632: [INFO] OnDoneLoading sync enabled: 0
2026-07-14 15:45:34.653: [INFO] OnDoneLoading sync enabled: 0
2026-07-14 15:48:41.634: [INFO] OnDoneLoading sync enabled: 0
2026-07-15 17:50:13.567: [INFO] OnDoneLoading sync enabled: 0
2026-07-15 17:51:48.381: [INFO] OnDoneLoading sync enabled: 0
2026-07-15 17:59:37.254: [INFO] OnDoneLoading sync enabled: 0
2026-07-15 18:00:18.764: [INFO] OnDoneLoading sync enabled: 0
2026-07-15 18:10:31.489: [INFO] OnDoneLoading sync enabled: 0
2026-07-15 19:03:30.325: [INFO] OnDoneLoading sync enabled: 0
2026-07-16 17:23:46.303: [INFO] OnDoneLoading sync enabled: 0
2026-07-16 17:33:13.121: [INFO] OnDoneLoading sync enabled: 0
2026-07-16 18:01:59.407: [INFO] OnDoneLoading sync enabled: 0
2026-07-16 18:51:57.902: [INFO] OnDoneLoading sync enabled: 0
2026-07-18 13:00:14.398: [INFO] OnDoneLoading sync enabled: 0
2026-07-18 13:21:45.234: [INFO] OnDoneLoading sync enabled: 0
2026-07-18 13:21:55.822: [INFO] OnDoneLoading sync enabled: 0
2026-07-18 13:22:48.325: [INFO] OnDoneLoading sync enabled: 0
2026-07-19 03:33:39.674: [INFO] OnDoneLoading sync enabled: 0
2026-07-20 17:05:19.449: [INFO] OnDoneLoading sync enabled: 0
2026-07-21 14:19:17.253: [INFO] OnDoneLoading sync enabled: 0
2026-07-22 16:26:10.577: [INFO] OnDoneLoading sync enabled: 0
2026-07-22 16:27:26.305: [INFO] OnDoneLoading sync enabled: 0
2026-07-22 16:30:18.365: [INFO] OnDoneLoading sync enabled: 0
2026-07-22 17:46:33.845: [INFO] OnDoneLoading sync enabled: 0
2026-07-23 17:24:48.792: [INFO] OnDoneLoading sync enabled: 0
2026-07-23 17:28:12.375: [INFO] OnDoneLoading sync enabled: 0
2026-07-23 23:25:24.268: [INFO] OnDoneLoading sync enabled: 0
2026-07-23 23:26:00.658: [INFO] OnDoneLoading sync enabled: 0
2026-07-23 23:31:28.277: [INFO] OnDoneLoading sync enabled: 0
2026-07-24 01:42:07.447: [INFO] OnDoneLoading sync enabled: 0
2026-07-24 02:08:09.234: [INFO] OnDoneLoading sync enabled: 0
2026-07-24 02:08:32.598: [INFO] OnDoneLoading sync enabled: 0
2026-07-24 02:14:30.524: [INFO] OnDoneLoading sync enabled: 0
2026-07-24 02:15:18.567: [INFO] OnDoneLoading sync enabled: 0
2026-07-24 02:20:00.302: [INFO] OnDoneLoading sync enabled: 0
2026-07-24 19:45:48.955: [INFO] OnDoneLoading sync enabled: 0
2026-07-24 20:14:09.629: [INFO] OnDoneLoading sync enabled: 0
2026-07-24 20:27:27.835: [INFO] OnDoneLoading sync enabled: 0
2026-07-25 23:24:33.504: [INFO] OnDoneLoading sync enabled: 0
2026-07-26 17:07:22.742: [INFO] OnDoneLoading sync enabled: 0
2026-07-26 17:07:33.214: [INFO] OnDoneLoading sync enabled: 0
2026-07-26 17:08:30.496: [INFO] OnDoneLoading sync enabled: 0
2026-07-26 17:15:53.810: [INFO] OnDoneLoading sync enabled: 0
2026-07-26 17:17:20.132: [INFO] OnDoneLoading sync enabled: 0
2026-07-27 00:15:08.984: [INFO] OnDoneLoading sync enabled: 0
2026-07-27 17:24:45.448: [INFO] OnDoneLoading sync enabled: 0
2026-08-08 18:34:51.236: [INFO] CurrentProfilePath: C:\projetos-eclipse\.metadata\.plugins\org.eclipse.swt\EBWebView\Default
2026-08-08 18:34:51.236: [INFO] Profiles total count: 1
2026-08-08 18:34:51.236: [INFO] Profile: name=Perfil 1 path=C:\projetos-eclipse\.metadata\.plugins\org.eclipse.swt\EBWebView\Default lastActive=2026-07-27T17:24:58.639Z
2026-08-08 18:34:51.236: [INFO] LastUsedProfileDir: C:\projetos-eclipse\.metadata\.plugins\org.eclipse.swt\EBWebView\Default
2026-08-08 18:34:51.236: [INFO] MostRecentlyActiveProfile: name=Perfil 1 path=C:\projetos-eclipse\.metadata\.plugins\org.eclipse.swt\EBWebView\Default lastActive=2026-07-27T17:24:58.639Z
2026-08-08 18:34:51.236: [INFO] OnDoneLoading sync enabled: 0
2026-08-08 18:34:51.236: [INFO] BookmarkModelLoaded, ids_reassigned: 0
2026-08-08 18:34:51.236: [INFO] BookmarksLoadDropped droppedNodes=0
2026-08-08 18:34:51.236: [INFO] BookmarksSnapshot Startup total=0 bar=0 other=0 mobile=0 showBar=0 showBarNTP=1
2026-08-08 18:34:51.327: [INFO] BookmarksSnapshot Shutdown total=0 bar=0 other=0 mobile=0 showBar=0 showBarNTP=1
2026-08-08 18:39:35.005: [INFO] CurrentProfilePath: C:\projetos-eclipse\.metadata\.plugins\org.eclipse.swt\EBWebView\Default
2026-08-08 18:39:35.005: [INFO] Profiles total count: 1
2026-08-08 18:39:35.006: [INFO] Profile: name=Perfil 1 path=C:\projetos-eclipse\.metadata\.plugins\org.eclipse.swt\EBWebView\Default lastActive=2026-07-27T17:24:58.639Z
2026-08-08 18:39:35.006: [INFO] LastUsedProfileDir: C:\projetos-eclipse\.metadata\.plugins\org.eclipse.swt\EBWebView\Default
2026-08-08 18:39:35.006: [INFO] MostRecentlyActiveProfile: name=Perfil 1 path=C:\projetos-eclipse\.metadata\.plugins\org.eclipse.swt\EBWebView\Default lastActive=2026-07-27T17:24:58.639Z
2026-08-08 18:39:35.006: [INFO] OnDoneLoading sync enabled: 0
2026-08-08 18:39:35.006: [INFO] BookmarkModelLoaded, ids_reassigned: 0
2026-08-08 18:39:35.006: [INFO] BookmarksLoadDropped droppedNodes=0
2026-08-08 18:39:35.006: [INFO] BookmarksSnapshot Startup total=0 bar=0 other=0 mobile=0 showBar=0 showBarNTP=1
2026-08-08 18:39:35.178: [INFO] BookmarksSnapshot Shutdown total=0 bar=0 other=0 mobile=0 showBar=0 showBarNTP=1
2026-08-08 18:46:15.687: [INFO] CurrentProfilePath: C:\projetos-eclipse\.metadata\.plugins\org.eclipse.swt\EBWebView\Default
2026-08-08 18:46:15.687: [INFO] Profiles total count: 1
2026-08-08 18:46:15.687: [INFO] Profile: name=Perfil 1 path=C:\projetos-eclipse\.metadata\.plugins\org.eclipse.swt\EBWebView\Default lastActive=2026-07-27T17:24:58.639Z
2026-08-08 18:46:15.687: [INFO] LastUsedProfileDir: C:\projetos-eclipse\.metadata\.plugins\org.eclipse.swt\EBWebView\Default
2026-08-08 18:46:15.687: [INFO] MostRecentlyActiveProfile: name=Perfil 1 path=C:\projetos-eclipse\.metadata\.plugins\org.eclipse.swt\EBWebView\Default lastActive=2026-07-27T17:24:58.639Z
2026-08-08 18:46:15.687: [INFO] OnDoneLoading sync enabled: 0
2026-08-08 18:46:15.687: [INFO] BookmarkModelLoaded, ids_reassigned: 0
2026-08-08 18:46:15.687: [INFO] BookmarksLoadDropped droppedNodes=0
2026-08-08 18:46:15.687: [INFO] BookmarksSnapshot Startup total=0 bar=0 other=0 mobile=0 showBar=0 showBarNTP=1
2026-08-08 19:48:06.200: [INFO] BookmarksSnapshot Shutdown total=0 bar=0 other=0 mobile=0 showBar=0 showBarNTP=1
2026-08-09 01:37:06.560: [INFO] CurrentProfilePath: C:\projetos-eclipse\.metadata\.plugins\org.eclipse.swt\EBWebView\Default
2026-08-09 01:37:06.560: [INFO] Profiles total count: 1
2026-08-09 01:37:06.561: [INFO] Profile: name=Perfil 1 path=C:\projetos-eclipse\.metadata\.plugins\org.eclipse.swt\EBWebView\Default lastActive=2026-07-27T17:24:58.639Z
2026-08-09 01:37:06.561: [INFO] LastUsedProfileDir: C:\projetos-eclipse\.metadata\.plugins\org.eclipse.swt\EBWebView\Default
2026-08-09 01:37:06.561: [INFO] MostRecentlyActiveProfile: name=Perfil 1 path=C:\projetos-eclipse\.metadata\.plugins\org.eclipse.swt\EBWebView\Default lastActive=2026-07-27T17:24:58.639Z
2026-08-09 01:37:06.561: [INFO] OnDoneLoading sync enabled: 0
2026-08-09 01:37:06.561: [INFO] BookmarkModelLoaded, ids_reassigned: 0
2026-08-09 01:37:06.561: [INFO] BookmarksLoadDropped droppedNodes=0
2026-08-09 01:37:06.561: [INFO] BookmarksSnapshot Startup total=0 bar=0 other=0 mobile=0 showBar=0 showBarNTP=1
2026-08-09 01:37:11.370: [INFO] BookmarksSnapshot Shutdown total=0 bar=0 other=0 mobile=0 showBar=0 showBarNTP=1
2026-08-09 01:37:25.397: [INFO] CurrentProfilePath: C:\projetos-eclipse\.metadata\.plugins\org.eclipse.swt\EBWebView\Default
2026-08-09 01:37:25.397: [INFO] Profiles total count: 1
2026-08-09 01:37:25.398: [INFO] Profile: name=Perfil 1 path=C:\projetos-eclipse\.metadata\.plugins\org.eclipse.swt\EBWebView\Default lastActive=2026-07-27T17:24:58.639Z
2026-08-09 01:37:25.398: [INFO] LastUsedProfileDir: C:\projetos-eclipse\.metadata\.plugins\org.eclipse.swt\EBWebView\Default
2026-08-09 01:37:25.398: [INFO] MostRecentlyActiveProfile: name=Perfil 1 path=C:\projetos-eclipse\.metadata\.plugins\org.eclipse.swt\EBWebView\Default lastActive=2026-07-27T17:24:58.639Z
2026-08-09 01:37:25.398: [INFO] OnDoneLoading sync enabled: 0
2026-08-09 01:37:25.398: [INFO] BookmarkModelLoaded, ids_reassigned: 0
2026-08-09 01:37:25.398: [INFO] BookmarksLoadDropped droppedNodes=0
2026-08-09 01:37:25.398: [INFO] BookmarksSnapshot Startup total=0 bar=0 other=0 mobile=0 showBar=0 showBarNTP=1
2026-08-09 01:37:50.672: [INFO] BookmarksSnapshot Shutdown total=0 bar=0 other=0 mobile=0 showBar=0 showBarNTP=1
2026-08-09 01:46:33.265: [INFO] CurrentProfilePath: C:\projetos-eclipse\.metadata\.plugins\org.eclipse.swt\EBWebView\Default
2026-08-09 01:46:33.265: [INFO] Profiles total count: 1
2026-08-09 01:46:33.266: [INFO] Profile: name=Perfil 1 path=C:\projetos-eclipse\.metadata\.plugins\org.eclipse.swt\EBWebView\Default lastActive=2026-07-27T17:24:58.639Z
2026-08-09 01:46:33.266: [INFO] LastUsedProfileDir: C:\projetos-eclipse\.metadata\.plugins\org.eclipse.swt\EBWebView\Default
2026-08-09 01:46:33.266: [INFO] MostRecentlyActiveProfile: name=Perfil 1 path=C:\projetos-eclipse\.metadata\.plugins\org.eclipse.swt\EBWebView\Default lastActive=2026-07-27T17:24:58.639Z
2026-08-09 01:46:33.266: [INFO] OnDoneLoading sync enabled: 0
2026-08-09 01:46:33.266: [INFO] BookmarkModelLoaded, ids_reassigned: 0
2026-08-09 01:46:33.266: [INFO] BookmarksLoadDropped droppedNodes=0
2026-08-09 01:46:33.266: [INFO] BookmarksSnapshot Startup total=0 bar=0 other=0 mobile=0 showBar=0 showBarNTP=1
2026-08-09 01:56:38.442: [INFO] BookmarksSnapshot Shutdown total=0 bar=0 other=0 mobile=0 showBar=0 showBarNTP=1
2026-08-10 03:04:50.689: [INFO] CurrentProfilePath: C:\projetos-eclipse\.metadata\.plugins\org.eclipse.swt\EBWebView\Default
2026-08-10 03:04:50.689: [INFO] Profiles total count: 1
2026-08-10 03:04:50.689: [INFO] Profile: name=Perfil 1 path=C:\projetos-eclipse\.metadata\.plugins\org.eclipse.swt\EBWebView\Default lastActive=2026-07-27T17:24:58.639Z
2026-08-10 03:04:50.689: [INFO] LastUsedProfileDir: C:\projetos-eclipse\.metadata\.plugins\org.eclipse.swt\EBWebView\Default
2026-08-10 03:04:50.689: [INFO] MostRecentlyActiveProfile: name=Perfil 1 path=C:\projetos-eclipse\.metadata\.plugins\org.eclipse.swt\EBWebView\Default lastActive=2026-07-27T17:24:58.639Z
2026-08-10 03:04:50.689: [INFO] OnDoneLoading sync enabled: 0
2026-08-10 03:04:50.689: [INFO] BookmarkModelLoaded, ids_reassigned: 0
2026-08-10 03:04:50.689: [INFO] BookmarksLoadDropped droppedNodes=0
2026-08-10 03:04:50.689: [INFO] BookmarksSnapshot Startup total=0 bar=0 other=0 mobile=0 showBar=0 showBarNTP=1
2026-08-10 03:04:50.777: [INFO] BookmarksSnapshot Shutdown total=0 bar=0 other=0 mobile=0 showBar=0 showBarNTP=1
2026-08-10 03:06:11.539: [INFO] CurrentProfilePath: C:\projetos-eclipse\.metadata\.plugins\org.eclipse.swt\EBWebView\Default
2026-08-10 03:06:11.539: [INFO] Profiles total count: 1
2026-08-10 03:06:11.539: [INFO] Profile: name=Perfil 1 path=C:\projetos-eclipse\.metadata\.plugins\org.eclipse.swt\EBWebView\Default lastActive=2026-07-27T17:24:58.639Z
2026-08-10 03:06:11.539: [INFO] LastUsedProfileDir: C:\projetos-eclipse\.metadata\.plugins\org.eclipse.swt\EBWebView\Default
2026-08-10 03:06:11.539: [INFO] MostRecentlyActiveProfile: name=Perfil 1 path=C:\projetos-eclipse\.metadata\.plugins\org.eclipse.swt\EBWebView\Default lastActive=2026-07-27T17:24:58.639Z
2026-08-10 03:06:11.539: [INFO] OnDoneLoading sync enabled: 0
2026-08-10 03:06:11.539: [INFO] BookmarkModelLoaded, ids_reassigned: 0
2026-08-10 03:06:11.539: [INFO] BookmarksLoadDropped droppedNodes=0
2026-08-10 03:06:11.539: [INFO] BookmarksSnapshot Startup total=0 bar=0 other=0 mobile=0 showBar=0 showBarNTP=1
2026-08-10 03:09:48.430: [INFO] BookmarksSnapshot Shutdown total=0 bar=0 other=0 mobile=0 showBar=0 showBarNTP=1
2026-08-10 03:10:19.647: [INFO] CurrentProfilePath: C:\projetos-eclipse\.metadata\.plugins\org.eclipse.swt\EBWebView\Default
2026-08-10 03:10:19.647: [INFO] Profiles total count: 1
2026-08-10 03:10:19.647: [INFO] Profile: name=Perfil 1 path=C:\projetos-eclipse\.metadata\.plugins\org.eclipse.swt\EBWebView\Default lastActive=2026-07-27T17:24:58.639Z
2026-08-10 03:10:19.647: [INFO] LastUsedProfileDir: C:\projetos-eclipse\.metadata\.plugins\org.eclipse.swt\EBWebView\Default
2026-08-10 03:10:19.647: [INFO] MostRecentlyActiveProfile: name=Perfil 1 path=C:\projetos-eclipse\.metadata\.plugins\org.eclipse.swt\EBWebView\Default lastActive=2026-07-27T17:24:58.639Z
2026-08-10 03:10:19.647: [INFO] OnDoneLoading sync enabled: 0
2026-08-10 03:10:19.647: [INFO] BookmarkModelLoaded, ids_reassigned: 0
2026-08-10 03:10:19.647: [INFO] BookmarksLoadDropped droppedNodes=0
2026-08-10 03:10:19.647: [INFO] BookmarksSnapshot Startup total=0 bar=0 other=0 mobile=0 showBar=0 showBarNTP=1
2026-08-10 03:10:27.661: [INFO] BookmarksSnapshot Shutdown total=0 bar=0 other=0 mobile=0 showBar=0 showBarNTP=1
2026-08-10 23:40:48.136: [INFO] CurrentProfilePath: C:\projetos-eclipse\.metadata\.plugins\org.eclipse.swt\EBWebView\Default
2026-08-10 23:40:48.136: [INFO] Profiles total count: 1
2026-08-10 23:40:48.136: [INFO] Profile: name=Perfil 1 path=C:\projetos-eclipse\.metadata\.plugins\org.eclipse.swt\EBWebView\Default lastActive=2026-07-27T17:24:58.639Z
2026-08-10 23:40:48.136: [INFO] LastUsedProfileDir: C:\projetos-eclipse\.metadata\.plugins\org.eclipse.swt\EBWebView\Default
2026-08-10 23:40:48.136: [INFO] MostRecentlyActiveProfile: name=Perfil 1 path=C:\projetos-eclipse\.metadata\.plugins\org.eclipse.swt\EBWebView\Default lastActive=2026-07-27T17:24:58.639Z
2026-08-10 23:40:48.136: [INFO] OnDoneLoading sync enabled: 0
2026-08-10 23:40:48.136: [INFO] BookmarkModelLoaded, ids_reassigned: 0
2026-08-10 23:40:48.136: [INFO] BookmarksLoadDropped droppedNodes=0
2026-08-10 23:40:48.136: [INFO] BookmarksSnapshot Startup total=0 bar=0 other=0 mobile=0 showBar=0 showBarNTP=1
2026-08-11 00:03:02.223: [INFO] BookmarksSnapshot Shutdown total=0 bar=0 other=0 mobile=0 showBar=0 showBarNTP=1
2026-08-12 00:11:57.365: [INFO] CurrentProfilePath: C:\projetos-eclipse\.metadata\.plugins\org.eclipse.swt\EBWebView\Default
2026-08-12 00:11:57.365: [INFO] Profiles total count: 1
2026-08-12 00:11:57.365: [INFO] Profile: name=Perfil 1 path=C:\projetos-eclipse\.metadata\.plugins\org.eclipse.swt\EBWebView\Default lastActive=2026-07-27T17:24:58.639Z
2026-08-12 00:11:57.365: [INFO] LastUsedProfileDir: C:\projetos-eclipse\.metadata\.plugins\org.eclipse.swt\EBWebView\Default
2026-08-12 00:11:57.366: [INFO] MostRecentlyActiveProfile: name=Perfil 1 path=C:\projetos-eclipse\.metadata\.plugins\org.eclipse.swt\EBWebView\Default lastActive=2026-07-27T17:24:58.639Z
2026-08-12 00:11:57.366: [INFO] OnDoneLoading sync enabled: 0
2026-08-12 00:11:57.366: [INFO] BookmarkModelLoaded, ids_reassigned: 0
2026-08-12 00:11:57.366: [INFO] BookmarksLoadDropped droppedNodes=0
2026-08-12 00:11:57.366: [INFO] BookmarksSnapshot Startup total=0 bar=0 other=0 mobile=0 showBar=0 showBarNTP=1
2026-08-12 00:11:57.472: [INFO] BookmarksSnapshot Shutdown total=0 bar=0 other=0 mobile=0 showBar=0 showBarNTP=1
2026-08-12 00:13:35.247: [INFO] CurrentProfilePath: C:\projetos-eclipse\.metadata\.plugins\org.eclipse.swt\EBWebView\Default
2026-08-12 00:13:35.247: [INFO] Profiles total count: 1
2026-08-12 00:13:35.247: [INFO] Profile: name=Perfil 1 path=C:\projetos-eclipse\.metadata\.plugins\org.eclipse.swt\EBWebView\Default lastActive=2026-07-27T17:24:58.639Z
2026-08-12 00:13:35.247: [INFO] LastUsedProfileDir: C:\projetos-eclipse\.metadata\.plugins\org.eclipse.swt\EBWebView\Default
2026-08-12 00:13:35.247: [INFO] MostRecentlyActiveProfile: name=Perfil 1 path=C:\projetos-eclipse\.metadata\.plugins\org.eclipse.swt\EBWebView\Default lastActive=2026-07-27T17:24:58.639Z
2026-08-12 00:13:35.247: [INFO] OnDoneLoading sync enabled: 0
2026-08-12 00:13:35.247: [INFO] BookmarkModelLoaded, ids_reassigned: 0
2026-08-12 00:13:35.247: [INFO] BookmarksLoadDropped droppedNodes=0
2026-08-12 00:13:35.247: [INFO] BookmarksSnapshot Startup total=0 bar=0 other=0 mobile=0 showBar=0 showBarNTP=1
2026-08-12 00:13:35.337: [INFO] BookmarksSnapshot Shutdown total=0 bar=0 other=0 mobile=0 showBar=0 showBarNTP=1
2026-08-12 00:22:20.854: [INFO] CurrentProfilePath: C:\projetos-eclipse\.metadata\.plugins\org.eclipse.swt\EBWebView\Default
2026-08-12 00:22:20.854: [INFO] Profiles total count: 1
2026-08-12 00:22:20.854: [INFO] Profile: name=Perfil 1 path=C:\projetos-eclipse\.metadata\.plugins\org.eclipse.swt\EBWebView\Default lastActive=2026-07-27T17:24:58.639Z
2026-08-12 00:22:20.854: [INFO] LastUsedProfileDir: C:\projetos-eclipse\.metadata\.plugins\org.eclipse.swt\EBWebView\Default
2026-08-12 00:22:20.854: [INFO] MostRecentlyActiveProfile: name=Perfil 1 path=C:\projetos-eclipse\.metadata\.plugins\org.eclipse.swt\EBWebView\Default lastActive=2026-07-27T17:24:58.639Z
2026-08-12 00:22:20.854: [INFO] OnDoneLoading sync enabled: 0
2026-08-12 00:22:20.854: [INFO] BookmarkModelLoaded, ids_reassigned: 0
2026-08-12 00:22:20.854: [INFO] BookmarksLoadDropped droppedNodes=0
2026-08-12 00:22:20.854: [INFO] BookmarksSnapshot Startup total=0 bar=0 other=0 mobile=0 showBar=0 showBarNTP=1
2026-08-12 00:22:20.943: [INFO] BookmarksSnapshot Shutdown total=0 bar=0 other=0 mobile=0 showBar=0 showBarNTP=1
2026-08-12 00:25:22.259: [INFO] CurrentProfilePath: C:\projetos-eclipse\.metadata\.plugins\org.eclipse.swt\EBWebView\Default
2026-08-12 00:25:22.259: [INFO] Profiles total count: 1
2026-08-12 00:25:22.259: [INFO] Profile: name=Perfil 1 path=C:\projetos-eclipse\.metadata\.plugins\org.eclipse.swt\EBWebView\Default lastActive=2026-07-27T17:24:58.639Z
2026-08-12 00:25:22.259: [INFO] LastUsedProfileDir: C:\projetos-eclipse\.metadata\.plugins\org.eclipse.swt\EBWebView\Default
2026-08-12 00:25:22.259: [INFO] MostRecentlyActiveProfile: name=Perfil 1 path=C:\projetos-eclipse\.metadata\.plugins\org.eclipse.swt\EBWebView\Default lastActive=2026-07-27T17:24:58.639Z
2026-08-12 00:25:22.259: [INFO] OnDoneLoading sync enabled: 0
2026-08-12 00:25:22.259: [INFO] BookmarkModelLoaded, ids_reassigned: 0
2026-08-12 00:25:22.259: [INFO] BookmarksLoadDropped droppedNodes=0
2026-08-12 00:25:22.259: [INFO] BookmarksSnapshot Startup total=0 bar=0 other=0 mobile=0 showBar=0 showBarNTP=1
2026-08-12 00:25:22.354: [INFO] BookmarksSnapshot Shutdown total=0 bar=0 other=0 mobile=0 showBar=0 showBarNTP=1
2026-08-12 00:25:42.089: [INFO] CurrentProfilePath: C:\projetos-eclipse\.metadata\.plugins\org.eclipse.swt\EBWebView\Default
2026-08-12 00:25:42.089: [INFO] Profiles total count: 1
2026-08-12 00:25:42.089: [INFO] Profile: name=Perfil 1 path=C:\projetos-eclipse\.metadata\.plugins\org.eclipse.swt\EBWebView\Default lastActive=2026-07-27T17:24:58.639Z
2026-08-12 00:25:42.089: [INFO] LastUsedProfileDir: C:\projetos-eclipse\.metadata\.plugins\org.eclipse.swt\EBWebView\Default
2026-08-12 00:25:42.089: [INFO] MostRecentlyActiveProfile: name=Perfil 1 path=C:\projetos-eclipse\.metadata\.plugins\org.eclipse.swt\EBWebView\Default lastActive=2026-07-27T17:24:58.639Z
2026-08-12 00:25:42.089: [INFO] OnDoneLoading sync enabled: 0
2026-08-12 00:25:42.089: [INFO] BookmarkModelLoaded, ids_reassigned: 0
2026-08-12 00:25:42.089: [INFO] BookmarksLoadDropped droppedNodes=0
2026-08-12 00:25:42.089: [INFO] BookmarksSnapshot Startup total=0 bar=0 other=0 mobile=0 showBar=0 showBarNTP=1
2026-08-12 00:47:29.585: [INFO] BookmarksSnapshot Shutdown total=0 bar=0 other=0 mobile=0 showBar=0 showBarNTP=1
2026-08-13 16:54:41.397: [INFO] CurrentProfilePath: C:\projetos-eclipse\.metadata\.plugins\org.eclipse.swt\EBWebView\Default
2026-08-13 16:54:41.397: [INFO] Profiles total count: 1
2026-08-13 16:54:41.398: [INFO] Profile: name=Perfil 1 path=C:\projetos-eclipse\.metadata\.plugins\org.eclipse.swt\EBWebView\Default lastActive=2026-07-27T17:24:58.639Z
2026-08-13 16:54:41.398: [INFO] LastUsedProfileDir: C:\projetos-eclipse\.metadata\.plugins\org.eclipse.swt\EBWebView\Default
2026-08-13 16:54:41.398: [INFO] MostRecentlyActiveProfile: name=Perfil 1 path=C:\projetos-eclipse\.metadata\.plugins\org.eclipse.swt\EBWebView\Default lastActive=2026-07-27T17:24:58.639Z
2026-08-13 16:54:41.398: [INFO] OnDoneLoading sync enabled: 0
2026-08-13 16:54:41.398: [INFO] BookmarkModelLoaded, ids_reassigned: 0
2026-08-13 16:54:41.398: [INFO] BookmarksLoadDropped droppedNodes=0
2026-08-13 16:54:41.398: [INFO] BookmarksSnapshot Startup total=0 bar=0 other=0 mobile=0 showBar=0 showBarNTP=1
2026-08-13 16:54:42.633: [INFO] BookmarksSnapshot Shutdown total=0 bar=0 other=0 mobile=0 showBar=0 showBarNTP=1
2026-08-13 16:55:59.957: [INFO] CurrentProfilePath: C:\projetos-eclipse\.metadata\.plugins\org.eclipse.swt\EBWebView\Default
2026-08-13 16:55:59.957: [INFO] Profiles total count: 1
2026-08-13 16:55:59.958: [INFO] Profile: name=Perfil 1 path=C:\projetos-eclipse\.metadata\.plugins\org.eclipse.swt\EBWebView\Default lastActive=2026-07-27T17:24:58.639Z
2026-08-13 16:55:59.958: [INFO] LastUsedProfileDir: C:\projetos-eclipse\.metadata\.plugins\org.eclipse.swt\EBWebView\Default
2026-08-13 16:55:59.958: [INFO] MostRecentlyActiveProfile: name=Perfil 1 path=C:\projetos-eclipse\.metadata\.plugins\org.eclipse.swt\EBWebView\Default lastActive=2026-07-27T17:24:58.639Z
2026-08-13 16:55:59.958: [INFO] OnDoneLoading sync enabled: 0
2026-08-13 16:55:59.958: [INFO] BookmarkModelLoaded, ids_reassigned: 0
2026-08-13 16:55:59.958: [INFO] BookmarksLoadDropped droppedNodes=0
2026-08-13 16:55:59.958: [INFO] BookmarksSnapshot Startup total=0 bar=0 other=0 mobile=0 showBar=0 showBarNTP=1
2026-08-13 16:56:00.063: [INFO] BookmarksSnapshot Shutdown total=0 bar=0 other=0 mobile=0 showBar=0 showBarNTP=1
2026-08-13 16:59:27.172: [INFO] CurrentProfilePath: C:\projetos-eclipse\.metadata\.plugins\org.eclipse.swt\EBWebView\Default
2026-08-13 16:59:27.172: [INFO] Profiles total count: 1
2026-08-13 16:59:27.172: [INFO] Profile: name=Perfil 1 path=C:\projetos-eclipse\.metadata\.plugins\org.eclipse.swt\EBWebView\Default lastActive=2026-07-27T17:24:58.639Z
2026-08-13 16:59:27.172: [INFO] LastUsedProfileDir: C:\projetos-eclipse\.metadata\.plugins\org.eclipse.swt\EBWebView\Default
2026-08-13 16:59:27.172: [INFO] MostRecentlyActiveProfile: name=Perfil 1 path=C:\projetos-eclipse\.metadata\.plugins\org.eclipse.swt\EBWebView\Default lastActive=2026-07-27T17:24:58.639Z
2026-08-13 16:59:27.172: [INFO] OnDoneLoading sync enabled: 0
2026-08-13 16:59:27.172: [INFO] BookmarkModelLoaded, ids_reassigned: 0
2026-08-13 16:59:27.172: [INFO] BookmarksLoadDropped droppedNodes=0
2026-08-13 16:59:27.172: [INFO] BookmarksSnapshot Startup total=0 bar=0 other=0 mobile=0 showBar=0 showBarNTP=1
2026-08-13 17:01:01.398: [INFO] BookmarksSnapshot Shutdown total=0 bar=0 other=0 mobile=0 showBar=0 showBarNTP=1
2026-08-13 17:02:42.131: [INFO] CurrentProfilePath: C:\projetos-eclipse\.metadata\.plugins\org.eclipse.swt\EBWebView\Default
2026-08-13 17:02:42.131: [INFO] Profiles total count: 1
2026-08-13 17:02:42.131: [INFO] Profile: name=Perfil 1 path=C:\projetos-eclipse\.metadata\.plugins\org.eclipse.swt\EBWebView\Default lastActive=2026-07-27T17:24:58.639Z
2026-08-13 17:02:42.131: [INFO] LastUsedProfileDir: C:\projetos-eclipse\.metadata\.plugins\org.eclipse.swt\EBWebView\Default
2026-08-13 17:02:42.131: [INFO] MostRecentlyActiveProfile: name=Perfil 1 path=C:\projetos-eclipse\.metadata\.plugins\org.eclipse.swt\EBWebView\Default lastActive=2026-07-27T17:24:58.639Z
2026-08-13 17:02:42.131: [INFO] OnDoneLoading sync enabled: 0
2026-08-13 17:02:42.131: [INFO] BookmarkModelLoaded, ids_reassigned: 0
2026-08-13 17:02:42.131: [INFO] BookmarksLoadDropped droppedNodes=0
2026-08-13 17:02:42.131: [INFO] BookmarksSnapshot Startup total=0 bar=0 other=0 mobile=0 showBar=0 showBarNTP=1
2026-08-13 17:02:46.063: [INFO] BookmarksSnapshot Shutdown total=0 bar=0 other=0 mobile=0 showBar=0 showBarNTP=1
2026-08-13 17:03:01.576: [INFO] CurrentProfilePath: C:\projetos-eclipse\.metadata\.plugins\org.eclipse.swt\EBWebView\Default
2026-08-13 17:03:01.576: [INFO] Profiles total count: 1
2026-08-13 17:03:01.577: [INFO] Profile: name=Perfil 1 path=C:\projetos-eclipse\.metadata\.plugins\org.eclipse.swt\EBWebView\Default lastActive=2026-07-27T17:24:58.639Z
2026-08-13 17:03:01.577: [INFO] LastUsedProfileDir: C:\projetos-eclipse\.metadata\.plugins\org.eclipse.swt\EBWebView\Default
2026-08-13 17:03:01.577: [INFO] MostRecentlyActiveProfile: name=Perfil 1 path=C:\projetos-eclipse\.metadata\.plugins\org.eclipse.swt\EBWebView\Default lastActive=2026-07-27T17:24:58.639Z
2026-08-13 17:03:01.577: [INFO] OnDoneLoading sync enabled: 0
2026-08-13 17:03:01.577: [INFO] BookmarkModelLoaded, ids_reassigned: 0
2026-08-13 17:03:01.577: [INFO] BookmarksLoadDropped droppedNodes=0
2026-08-13 17:03:01.577: [INFO] BookmarksSnapshot Startup total=0 bar=0 other=0 mobile=0 showBar=0 showBarNTP=1
2026-08-13 17:03:04.315: [INFO] BookmarksSnapshot Shutdown total=0 bar=0 other=0 mobile=0 showBar=0 showBarNTP=1
2026-08-13 17:03:15.840: [INFO] CurrentProfilePath: C:\projetos-eclipse\.metadata\.plugins\org.eclipse.swt\EBWebView\Default
2026-08-13 17:03:15.840: [INFO] Profiles total count: 1
2026-08-13 17:03:15.840: [INFO] Profile: name=Perfil 1 path=C:\projetos-eclipse\.metadata\.plugins\org.eclipse.swt\EBWebView\Default lastActive=2026-07-27T17:24:58.639Z
2026-08-13 17:03:15.840: [INFO] LastUsedProfileDir: C:\projetos-eclipse\.metadata\.plugins\org.eclipse.swt\EBWebView\Default
2026-08-13 17:03:15.840: [INFO] MostRecentlyActiveProfile: name=Perfil 1 path=C:\projetos-eclipse\.metadata\.plugins\org.eclipse.swt\EBWebView\Default lastActive=2026-07-27T17:24:58.639Z
2026-08-13 17:03:15.840: [INFO] OnDoneLoading sync enabled: 0
2026-08-13 17:03:15.840: [INFO] BookmarkModelLoaded, ids_reassigned: 0
2026-08-13 17:03:15.840: [INFO] BookmarksLoadDropped droppedNodes=0
2026-08-13 17:03:15.840: [INFO] BookmarksSnapshot Startup total=0 bar=0 other=0 mobile=0 showBar=0 showBarNTP=1
2026-08-13 20:44:15.884: [INFO] BookmarksSnapshot Shutdown total=0 bar=0 other=0 mobile=0 showBar=0 showBarNTP=1
2026-08-15 00:02:13.000: [INFO] CurrentProfilePath: C:\projetos-eclipse\.metadata\.plugins\org.eclipse.swt\EBWebView\Default
2026-08-15 00:02:13.000: [INFO] Profiles total count: 1
2026-08-15 00:02:13.001: [INFO] Profile: name=Perfil 1 path=C:\projetos-eclipse\.metadata\.plugins\org.eclipse.swt\EBWebView\Default lastActive=2026-07-27T17:24:58.639Z
2026-08-15 00:02:13.001: [INFO] LastUsedProfileDir: C:\projetos-eclipse\.metadata\.plugins\org.eclipse.swt\EBWebView\Default
2026-08-15 00:02:13.001: [INFO] MostRecentlyActiveProfile: name=Perfil 1 path=C:\projetos-eclipse\.metadata\.plugins\org.eclipse.swt\EBWebView\Default lastActive=2026-07-27T17:24:58.639Z
2026-08-15 00:02:13.001: [INFO] OnDoneLoading sync enabled: 0
2026-08-15 00:02:13.001: [INFO] BookmarkModelLoaded, ids_reassigned: 0
2026-08-15 00:02:13.001: [INFO] BookmarksLoadDropped droppedNodes=0
2026-08-15 00:02:13.001: [INFO] BookmarksSnapshot Startup total=0 bar=0 other=0 mobile=0 showBar=0 showBarNTP=1
2026-08-15 00:54:30.220: [INFO] BookmarksSnapshot Shutdown total=0 bar=0 other=0 mobile=0 showBar=0 showBarNTP=1
2026-08-17 00:42:40.030: [INFO] CurrentProfilePath: C:\projetos-eclipse\.metadata\.plugins\org.eclipse.swt\EBWebView\Default
2026-08-17 00:42:40.030: [INFO] Profiles total count: 1
2026-08-17 00:42:40.031: [INFO] Profile: name=Perfil 1 path=C:\projetos-eclipse\.metadata\.plugins\org.eclipse.swt\EBWebView\Default lastActive=2026-07-27T17:24:58.639Z
2026-08-17 00:42:40.031: [INFO] LastUsedProfileDir: C:\projetos-eclipse\.metadata\.plugins\org.eclipse.swt\EBWebView\Default
2026-08-17 00:42:40.031: [INFO] MostRecentlyActiveProfile: name=Perfil 1 path=C:\projetos-eclipse\.metadata\.plugins\org.eclipse.swt\EBWebView\Default lastActive=2026-07-27T17:24:58.639Z
2026-08-17 00:42:40.031: [INFO] OnDoneLoading sync enabled: 0
2026-08-17 00:42:40.031: [INFO] BookmarkModelLoaded, ids_reassigned: 0
2026-08-17 00:42:40.031: [INFO] BookmarksLoadDropped droppedNodes=0
2026-08-17 00:42:40.031: [INFO] BookmarksSnapshot Startup total=0 bar=0 other=0 mobile=0 showBar=0 showBarNTP=1
2026-08-17 02:04:40.778: [INFO] BookmarksSnapshot Shutdown total=0 bar=0 other=0 mobile=0 showBar=0 showBarNTP=1
2026-08-17 09:19:51.133: [INFO] CurrentProfilePath: C:\projetos-eclipse\.metadata\.plugins\org.eclipse.swt\EBWebView\Default
2026-08-17 09:19:51.133: [INFO] Profiles total count: 1
2026-08-17 09:19:51.133: [INFO] Profile: name=Perfil 1 path=C:\projetos-eclipse\.metadata\.plugins\org.eclipse.swt\EBWebView\Default lastActive=2026-07-27T17:24:58.639Z
2026-08-17 09:19:51.133: [INFO] LastUsedProfileDir: C:\projetos-eclipse\.metadata\.plugins\org.eclipse.swt\EBWebView\Default
2026-08-17 09:19:51.133: [INFO] MostRecentlyActiveProfile: name=Perfil 1 path=C:\projetos-eclipse\.metadata\.plugins\org.eclipse.swt\EBWebView\Default lastActive=2026-07-27T17:24:58.639Z
2026-08-17 09:19:51.133: [INFO] OnDoneLoading sync enabled: 0
2026-08-17 09:19:51.133: [INFO] BookmarkModelLoaded, ids_reassigned: 0
2026-08-17 09:19:51.133: [INFO] BookmarksLoadDropped droppedNodes=0
2026-08-17 09:19:51.133: [INFO] BookmarksSnapshot Startup total=0 bar=0 other=0 mobile=0 showBar=0 showBarNTP=1
2026-08-17 09:19:51.915: [INFO] BookmarksSnapshot Shutdown total=0 bar=0 other=0 mobile=0 showBar=0 showBarNTP=1
2026-08-17 09:24:03.644: [INFO] CurrentProfilePath: C:\projetos-eclipse\.metadata\.plugins\org.eclipse.swt\EBWebView\Default
2026-08-17 09:24:03.644: [INFO] Profiles total count: 1
2026-08-17 09:24:03.644: [INFO] Profile: name=Perfil 1 path=C:\projetos-eclipse\.metadata\.plugins\org.eclipse.swt\EBWebView\Default lastActive=2026-07-27T17:24:58.639Z
2026-08-17 09:24:03.644: [INFO] LastUsedProfileDir: C:\projetos-eclipse\.metadata\.plugins\org.eclipse.swt\EBWebView\Default
2026-08-17 09:24:03.644: [INFO] MostRecentlyActiveProfile: name=Perfil 1 path=C:\projetos-eclipse\.metadata\.plugins\org.eclipse.swt\EBWebView\Default lastActive=2026-07-27T17:24:58.639Z
2026-08-17 09:24:03.644: [INFO] OnDoneLoading sync enabled: 0
2026-08-17 09:24:03.644: [INFO] BookmarkModelLoaded, ids_reassigned: 0
2026-08-17 09:24:03.644: [INFO] BookmarksLoadDropped droppedNodes=0
2026-08-17 09:24:03.644: [INFO] BookmarksSnapshot Startup total=0 bar=0 other=0 mobile=0 showBar=0 showBarNTP=1
2026-08-17 09:48:05.544: [INFO] BookmarksSnapshot Shutdown total=0 bar=0 other=0 mobile=0 showBar=0 showBarNTP=1
